[backblue.gif]
[fade.gif]
[index.html]
[maxcdn.bootstrapcdn.com/font-awesome/4.4.0/css/font-awesome.min.css]
[code.ionicframework.com/ionicons/2.0.1/css/ionicons.min.css]
[www.brainmeasures.com/plugins/jQuery/jQuery-2.1.4.min.js]
[www.brainmeasures.com/dist/bootstrap/js/bootstrap.js]
[www.brainmeasures.com/plugins/slimScroll/jquery.slimscroll.min.js]
[www.brainmeasures.com/plugins/fastclick/fastclick.min.js]
[www.brainmeasures.com/dist/js/app.js]
[www.brainmeasures.com/plugins/jquery.gritter.js]
[www.brainmeasures.com/plugins/tools.js]
[www.brainmeasures.com/dist/pagesjs/Register.js]
[www.brainmeasures.com/fonts/GOTHIC.TTF]
[www.brainmeasures.com/Register.html]
[www.brainmeasures.com/dist/bootstrap/fonts/glyphicons-halflings-regular.eot]
[www.brainmeasures.com/dist/bootstrap/fonts/glyphicons-halflings-regulard41d.eot]
[www.brainmeasures.com/dist/bootstrap/fonts/glyphicons-halflings-regular.woff2]
[www.brainmeasures.com/dist/bootstrap/fonts/glyphicons-halflings-regular.woff]
[www.brainmeasures.com/dist/bootstrap/fonts/glyphicons-halflings-regular.ttf]
[www.brainmeasures.com/dist/bootstrap/css/bootstrap.css]
[maxcdn.bootstrapcdn.com/font-awesome/4.4.0/css/font-awesome.min.css]
[code.ionicframework.com/ionicons/2.0.1/css/ionicons.min.css]
[www.brainmeasures.com/dist/css/Dstyle.css]
[www.brainmeasures.com/dist/css/main.css]
[www.brainmeasures.com/dist/css/jquery.gritter.css]
[www.brainmeasures.com/home/PageNotFound8082.html]
[www.brainmeasures.com/dist/bootstrap/fonts/glyphicons-halflings-regular.svg]
[www.brainmeasures.com/home/PageNotFoundd8b0.html]
[www.brainmeasures.com/home/PageNotFound5208.html]
[www.brainmeasures.com/home/PageNotFound241d.html]
